---
source: engine/editor/src-tauri/bridge/tests/command_architecture.rs
expression: commands
---
[
  {
    "category": "File",
    "id": "file.new_project",
    "keybind": null,
    "label": "New Project",
    "module_id": "file",
    "non_undoable": true,
    "returns_data": false
  },
  {
    "category": "File",
    "id": "file.open_project",
    "keybind": null,
    "label": "Open Project",
    "module_id": "file",
    "non_undoable": true,
    "returns_data": false
  },
  {
    "category": "File",
    "id": "file.save_scene",
    "keybind": "Ctrl+S",
    "label": "Save Scene",
    "module_id": "file",
    "non_undoable": true,
    "returns_data": false
  },
  {
    "category": "File",
    "id": "file.save_scene_as",
    "keybind": "Ctrl+Shift+S",
    "label": "Save Scene As",
    "module_id": "file",
    "non_undoable": true,
    "returns_data": false
  },
  {
    "category": "File",
    "id": "file.open_scene",
    "keybind": null,
    "label": "Open Scene",
    "module_id": "file",
    "non_undoable": true,
    "returns_data": false
  },
  {
    "category": "Edit",
    "id": "edit.undo",
    "keybind": "Ctrl+Z",
    "label": "Undo",
    "module_id": "edit",
    "non_undoable": true,
    "returns_data": false
  },
  {
    "category": "Edit",
    "id": "edit.redo",
    "keybind": "Ctrl+Y",
    "label": "Redo",
    "module_id": "edit",
    "non_undoable": true,
    "returns_data": false
  },
  {
    "category": "View",
    "id": "view.toggle_hierarchy",
    "keybind": null,
    "label": "Toggle Hierarchy",
    "module_id": "view",
    "non_undoable": true,
    "returns_data": false
  },
  {
    "category": "View",
    "id": "view.toggle_inspector",
    "keybind": null,
    "label": "Toggle Inspector",
    "module_id": "view",
    "non_undoable": true,
    "returns_data": false
  },
  {
    "category": "View",
    "id": "view.toggle_console",
    "keybind": null,
    "label": "Toggle Console",
    "module_id": "view",
    "non_undoable": true,
    "returns_data": false
  },
  {
    "category": "View",
    "id": "view.toggle_asset_browser",
    "keybind": null,
    "label": "Toggle Asset Browser",
    "module_id": "view",
    "non_undoable": true,
    "returns_data": false
  },
  {
    "category": "View",
    "id": "view.zoom_in",
    "keybind": "Ctrl+=",
    "label": "Zoom In",
    "module_id": "view",
    "non_undoable": true,
    "returns_data": false
  },
  {
    "category": "View",
    "id": "view.zoom_out",
    "keybind": "Ctrl+-",
    "label": "Zoom Out",
    "module_id": "view",
    "non_undoable": true,
    "returns_data": false
  },
  {
    "category": "View",
    "id": "view.zoom_reset",
    "keybind": "Ctrl+0",
    "label": "Zoom Reset",
    "module_id": "view",
    "non_undoable": true,
    "returns_data": false
  },
  {
    "category": "Scene",
    "id": "scene.get_state",
    "keybind": null,
    "label": "Get Scene State",
    "module_id": "scene",
    "non_undoable": true,
    "returns_data": true
  },
  {
    "category": "Scene",
    "id": "scene.create_entity",
    "keybind": null,
    "label": "Create Entity",
    "module_id": "scene",
    "non_undoable": false,
    "returns_data": false
  },
  {
    "category": "Scene",
    "id": "scene.delete_entity",
    "keybind": "Delete",
    "label": "Delete Entity",
    "module_id": "scene",
    "non_undoable": false,
    "returns_data": false
  },
  {
    "category": "Scene",
    "id": "scene.rename_entity",
    "keybind": null,
    "label": "Rename Entity",
    "module_id": "scene",
    "non_undoable": false,
    "returns_data": false
  },
  {
    "category": "Scene",
    "id": "scene.duplicate_entity",
    "keybind": "Ctrl+D",
    "label": "Duplicate Entity",
    "module_id": "scene",
    "non_undoable": false,
    "returns_data": false
  },
  {
    "category": "Scene",
    "id": "scene.add_component",
    "keybind": null,
    "label": "Add Component",
    "module_id": "scene",
    "non_undoable": false,
    "returns_data": false
  },
  {
    "category": "Scene",
    "id": "scene.remove_component",
    "keybind": null,
    "label": "Remove Component",
    "module_id": "scene",
    "non_undoable": false,
    "returns_data": false
  },
  {
    "category": "Scene",
    "id": "scene.set_component_field",
    "keybind": null,
    "label": "Set Component Field",
    "module_id": "scene",
    "non_undoable": false,
    "returns_data": false
  },
  {
    "category": "Scene",
    "id": "scene.select_entity",
    "keybind": null,
    "label": "Select Entity",
    "module_id": "scene",
    "non_undoable": true,
    "returns_data": false
  },
  {
    "category": "Scene",
    "id": "scene.move_entity",
    "keybind": null,
    "label": "Move Entity",
    "module_id": "scene",
    "non_undoable": false,
    "returns_data": false
  },
  {
    "category": "Scene",
    "id": "scene.rotate_entity",
    "keybind": null,
    "label": "Rotate Entity",
    "module_id": "scene",
    "non_undoable": false,
    "returns_data": false
  },
  {
    "category": "Scene",
    "id": "scene.scale_entity",
    "keybind": null,
    "label": "Scale Entity",
    "module_id": "scene",
    "non_undoable": false,
    "returns_data": false
  },
  {
    "category": "Asset",
    "id": "asset.import",
    "keybind": null,
    "label": "Import Asset",
    "module_id": "asset",
    "non_undoable": true,
    "returns_data": false
  },
  {
    "category": "Asset",
    "id": "asset.refresh",
    "keybind": null,
    "label": "Refresh Assets",
    "module_id": "asset",
    "non_undoable": true,
    "returns_data": false
  },
  {
    "category": "Asset",
    "id": "asset.scan",
    "keybind": null,
    "label": "Scan Assets",
    "module_id": "asset",
    "non_undoable": true,
    "returns_data": false
  },
  {
    "category": "Build",
    "id": "build.run",
    "keybind": null,
    "label": "Run Project",
    "module_id": "build",
    "non_undoable": true,
    "returns_data": false
  },
  {
    "category": "Build",
    "id": "build.build",
    "keybind": null,
    "label": "Build Project",
    "module_id": "build",
    "non_undoable": true,
    "returns_data": false
  },
  {
    "category": "Build",
    "id": "build.package",
    "keybind": null,
    "label": "Package Project",
    "module_id": "build",
    "non_undoable": true,
    "returns_data": false
  },
  {
    "category": "Viewport",
    "id": "viewport.screenshot",
    "keybind": null,
    "label": "Take Screenshot",
    "module_id": "viewport",
    "non_undoable": true,
    "returns_data": true
  },
  {
    "category": "Viewport",
    "id": "viewport.orbit",
    "keybind": null,
    "label": "Orbit Camera",
    "module_id": "viewport",
    "non_undoable": true,
    "returns_data": false
  },
  {
    "category": "Viewport",
    "id": "viewport.pan",
    "keybind": null,
    "label": "Pan Camera",
    "module_id": "viewport",
    "non_undoable": true,
    "returns_data": false
  },
  {
    "category": "Viewport",
    "id": "viewport.zoom",
    "keybind": null,
    "label": "Zoom Camera",
    "module_id": "viewport",
    "non_undoable": true,
    "returns_data": false
  },
  {
    "category": "Viewport",
    "id": "viewport.set_projection",
    "keybind": null,
    "label": "Set Projection",
    "module_id": "viewport",
    "non_undoable": true,
    "returns_data": false
  },
  {
    "category": "Viewport",
    "id": "viewport.reset_camera",
    "keybind": null,
    "label": "Reset Camera",
    "module_id": "viewport",
    "non_undoable": true,
    "returns_data": false
  },
  {
    "category": "Viewport",
    "id": "viewport.set_grid_visible",
    "keybind": null,
    "label": "Set Grid Visible",
    "module_id": "viewport",
    "non_undoable": true,
    "returns_data": false
  },
  {
    "category": "Viewport",
    "id": "viewport.focus_entity",
    "keybind": "F",
    "label": "Focus Entity",
    "module_id": "viewport",
    "non_undoable": true,
    "returns_data": false
  },
  {
    "category": "Template",
    "id": "template.open",
    "keybind": null,
    "label": "Open Template",
    "module_id": "template",
    "non_undoable": true,
    "returns_data": true
  },
  {
    "category": "Template",
    "id": "template.close",
    "keybind": null,
    "label": "Close Template",
    "module_id": "template",
    "non_undoable": true,
    "returns_data": false
  },
  {
    "category": "Template",
    "id": "template.execute",
    "keybind": null,
    "label": "Execute Template",
    "module_id": "template",
    "non_undoable": false,
    "returns_data": true
  },
  {
    "category": "Template",
    "id": "template.undo",
    "keybind": null,
    "label": "Undo Template Action",
    "module_id": "template",
    "non_undoable": true,
    "returns_data": true
  },
  {
    "category": "Template",
    "id": "template.redo",
    "keybind": null,
    "label": "Redo Template Action",
    "module_id": "template",
    "non_undoable": true,
    "returns_data": true
  },
  {
    "category": "Template",
    "id": "template.history",
    "keybind": null,
    "label": "Template History",
    "module_id": "template",
    "non_undoable": true,
    "returns_data": true
  },
  {
    "category": "User",
    "id": "user.placeholder",
    "keybind": null,
    "label": "User Command Placeholder",
    "module_id": "user",
    "non_undoable": true,
    "returns_data": false
  }
]
